// Jest Snapshot v1, https://goo.gl/fbAQLP

exports[`Audio component Matches the snapshot 1`] = `
<audio
  fileName="test_file.avi"
/>
`;
