// Jest Snapshot v1, https://goo.gl/fbAQLP

exports[`CircleConfirmation component Matches the snapshot 1`] = `<circleConfirmation />`;
