// Jest Snapshot v1, https://goo.gl/fbAQLP

exports[`ColorPicker component Matches the snapshot 1`] = `<colorPicker />`;
