// Jest Snapshot v1, https://goo.gl/fbAQLP

exports[`DatePicker component Matches the snapshot 1`] = `
<datePicker
  label="Test DatePicker"
/>
`;
