// Jest Snapshot v1, https://goo.gl/fbAQLP

exports[`Image component Matches the snapshot 1`] = `
<image
  filePath="test_file.png"
  height={0.2}
  width={0.2}
/>
`;
