// Jest Snapshot v1, https://goo.gl/fbAQLP

exports[`ListViewItem component Matches the snapshot 1`] = `<listViewItem />`;
