// Jest Snapshot v1, https://goo.gl/fbAQLP

exports[`ScrollBar component Matches the snapshot 1`] = `
<scrollBar
  width={0.1}
/>
`;
