// Jest Snapshot v1, https://goo.gl/fbAQLP

exports[`TextEdit component Matches the snapshot 1`] = `
<textEdit
  height={0.1}
  text="Test Text Edit"
  width={0.25}
/>
`;
